// Jest Snapshot v1, https://goo.gl/fbAQLP

exports[`App should match snapshot 1`] = `
<App>
  <main
    className="App"
  >
    <h1>
      Marketo Take-Home
    </h1>
    <form
      className="textAreas"
      onSubmit={[Function]}
    >
      <p>
        Put JSON of leads into input, press dedupe, and watch the magic!
      </p>
      <div
        className="buttonContainer"
      >
        <button
          className="button"
          type="submit"
        >
          Dedupe!
        </button>
      </div>
      <section
        className="textAreaContainer"
      >
        <label>
          Input:
        </label>
        <textarea
          cols="50"
          name="input"
          onChange={[Function]}
          rows="20"
          value=""
        />
        <p
          className="errorBox"
        />
      </section>
      <section
        className="textAreaContainer"
      >
        <label>
          Output:
        </label>
        <textarea
          cols="50"
          name="output"
          readOnly={true}
          rows="20"
          value=""
        />
      </section>
    </form>
    <section
      className="logArea"
    />
  </main>
</App>
`;
